------------------------------------------------------------
Timing Analyzer Summary
------------------------------------------------------------

Type  : Slow 1200mV 85C Model Setup 'CLOCK_50'
Slack : -4.061
TNS   : -65.888

Type  : Slow 1200mV 85C Model Setup 'ClkDividerN:clk_div_1hz|clkOut'
Slack : -2.511
TNS   : -31.017

Type  : Slow 1200mV 85C Model Hold 'ClkDividerN:clk_div_1hz|clkOut'
Slack : 0.406
TNS   : 0.000

Type  : Slow 1200mV 85C Model Hold 'CLOCK_50'
Slack : 0.655
TNS   : 0.000

Type  : Slow 1200mV 85C Model Minimum Pulse Width 'CLOCK_50'
Slack : -3.000
TNS   : -44.120

Type  : Slow 1200mV 85C Model Minimum Pulse Width 'ClkDividerN:clk_div_1hz|clkOut'
Slack : -1.285
TNS   : -24.415

Type  : Slow 1200mV 0C Model Setup 'CLOCK_50'
Slack : -3.658
TNS   : -56.248

Type  : Slow 1200mV 0C Model Setup 'ClkDividerN:clk_div_1hz|clkOut'
Slack : -2.169
TNS   : -26.300

Type  : Slow 1200mV 0C Model Hold 'ClkDividerN:clk_div_1hz|clkOut'
Slack : 0.355
TNS   : 0.000

Type  : Slow 1200mV 0C Model Hold 'CLOCK_50'
Slack : 0.600
TNS   : 0.000

Type  : Slow 1200mV 0C Model Minimum Pulse Width 'CLOCK_50'
Slack : -3.000
TNS   : -44.120

Type  : Slow 1200mV 0C Model Minimum Pulse Width 'ClkDividerN:clk_div_1hz|clkOut'
Slack : -1.285
TNS   : -24.415

Type  : Fast 1200mV 0C Model Setup 'CLOCK_50'
Slack : -1.527
TNS   : -16.873

Type  : Fast 1200mV 0C Model Setup 'ClkDividerN:clk_div_1hz|clkOut'
Slack : -0.862
TNS   : -9.389

Type  : Fast 1200mV 0C Model Hold 'ClkDividerN:clk_div_1hz|clkOut'
Slack : 0.183
TNS   : 0.000

Type  : Fast 1200mV 0C Model Hold 'CLOCK_50'
Slack : 0.299
TNS   : 0.000

Type  : Fast 1200mV 0C Model Minimum Pulse Width 'CLOCK_50'
Slack : -3.000
TNS   : -36.964

Type  : Fast 1200mV 0C Model Minimum Pulse Width 'ClkDividerN:clk_div_1hz|clkOut'
Slack : -1.000
TNS   : -19.000

------------------------------------------------------------
