------------------------------------------------------------
Timing Analyzer Summary
------------------------------------------------------------

Type  : Slow 1200mV 85C Model Setup 'CLOCK_50'
Slack : -3.522
TNS   : -85.645

Type  : Slow 1200mV 85C Model Setup 'ClkDividerN:clk_divider|clkOut'
Slack : -0.069
TNS   : -0.138

Type  : Slow 1200mV 85C Model Hold 'ClkDividerN:clk_divider|clkOut'
Slack : 0.459
TNS   : 0.000

Type  : Slow 1200mV 85C Model Hold 'CLOCK_50'
Slack : 0.514
TNS   : 0.000

Type  : Slow 1200mV 85C Model Minimum Pulse Width 'CLOCK_50'
Slack : -3.000
TNS   : -38.980

Type  : Slow 1200mV 85C Model Minimum Pulse Width 'ClkDividerN:clk_divider|clkOut'
Slack : -1.285
TNS   : -5.140

Type  : Slow 1200mV 0C Model Setup 'CLOCK_50'
Slack : -3.164
TNS   : -75.861

Type  : Slow 1200mV 0C Model Setup 'ClkDividerN:clk_divider|clkOut'
Slack : 0.036
TNS   : 0.000

Type  : Slow 1200mV 0C Model Hold 'ClkDividerN:clk_divider|clkOut'
Slack : 0.422
TNS   : 0.000

Type  : Slow 1200mV 0C Model Hold 'CLOCK_50'
Slack : 0.464
TNS   : 0.000

Type  : Slow 1200mV 0C Model Minimum Pulse Width 'CLOCK_50'
Slack : -3.000
TNS   : -38.980

Type  : Slow 1200mV 0C Model Minimum Pulse Width 'ClkDividerN:clk_divider|clkOut'
Slack : -1.285
TNS   : -5.140

Type  : Fast 1200mV 0C Model Setup 'CLOCK_50'
Slack : -1.170
TNS   : -26.543

Type  : Fast 1200mV 0C Model Setup 'ClkDividerN:clk_divider|clkOut'
Slack : 0.479
TNS   : 0.000

Type  : Fast 1200mV 0C Model Hold 'ClkDividerN:clk_divider|clkOut'
Slack : 0.203
TNS   : 0.000

Type  : Fast 1200mV 0C Model Hold 'CLOCK_50'
Slack : 0.237
TNS   : 0.000

Type  : Fast 1200mV 0C Model Minimum Pulse Width 'CLOCK_50'
Slack : -3.000
TNS   : -33.212

Type  : Fast 1200mV 0C Model Minimum Pulse Width 'ClkDividerN:clk_divider|clkOut'
Slack : -1.000
TNS   : -4.000

------------------------------------------------------------
